// Jest Snapshot v1, https://goo.gl/fbAQLP

exports[`App component renders App 1`] = `
<DocumentFragment>
  <label
    for="search"
  >
    Search
  </label>
  <input
    id="search"
    name="search"
    type="search"
    value=""
  />
  <button
    data-testid="button"
  >
    Search
  </button>
  <br />
  <img
    alt="placecage gif"
    src="https://www.placecage.com/gif/284/196"
  />
</DocumentFragment>
`;
